[FileList:file_list]
C:\»”Ô\ ‰êFHê\Handy600\app\scp\Lib\Utility.scp(21) : 20
C:\»”Ô\ ‰êFHê\Handy600\app\scp\Lib\Utility.scp(23) : 36
C:\»”Ô\ ‰êFHê\Handy600\app\scp\Lib\Utility.scp(28) : 56
C:\»”Ô\ ‰êFHê\Handy600\app\scp\Lib\Utility.scp(36) : 68
C:\»”Ô\ ‰êFHê\Handy600\app\scp\Lib\Utility.scp(37) : 76
C:\»”Ô\ ‰êFHê\Handy600\app\scp\Lib\Utility.scp(38) : 88
C:\»”Ô\ ‰êFHê\Handy600\app\scp\Lib\Utility.scp(39) : 104
C:\»”Ô\ ‰êFHê\Handy600\app\scp\Lib\Utility.scp(40) : 124
C:\»”Ô\ ‰êFHê\Handy600\app\scp\Lib\Utility.scp(41) : 144
C:\»”Ô\ ‰êFHê\Handy600\app\scp\Lib\Utility.scp(42) : 164
C:\»”Ô\ ‰êFHê\Handy600\app\scp\Lib\Utility.scp(45) : 172
C:\»”Ô\ ‰êFHê\Handy600\app\scp\Lib\Utility.scp(46) : 200
C:\»”Ô\ ‰êFHê\Handy600\app\scp\Lib\Utility.scp(49) : 212
C:\»”Ô\ ‰êFHê\Handy600\app\scp\Lib\Utility.scp(50) : 224
C:\»”Ô\ ‰êFHê\Handy600\app\scp\Lib\Utility.scp(51) : 232
C:\»”Ô\ ‰êFHê\Handy600\app\scp\Lib\Utility.scp(52) : 280
C:\»”Ô\ ‰êFHê\Handy600\app\scp\Lib\Utility.scp(53) : 336
C:\»”Ô\ ‰êFHê\Handy600\app\scp\Lib\Utility.scp(56) : 384
C:\»”Ô\ ‰êFHê\Handy600\app\scp\Lib\Utility.scp(57) : 404
C:\»”Ô\ ‰êFHê\Handy600\app\scp\Lib\Utility.scp(59) : 416
C:\»”Ô\ ‰êFHê\Handy600\app\scp\Lib\Utility.scp(60) : 436
C:\»”Ô\ ‰êFHê\Handy600\app\scp\Lib\Utility.scp(61) : 456
C:\»”Ô\ ‰êFHê\Handy600\app\scp\Lib\Utility.scp(63) : 476
C:\»”Ô\ ‰êFHê\Handy600\app\scp\Lib\Utility.scp(64) : 504
C:\»”Ô\ ‰êFHê\Handy600\app\scp\Lib\Utility.scp(65) : 540
C:\»”Ô\ ‰êFHê\Handy600\app\scp\Lib\Utility.scp(68) : 560
C:\»”Ô\ ‰êFHê\Handy600\app\scp\Lib\Utility.scp(70) : 624
C:\»”Ô\ ‰êFHê\Handy600\app\scp\Lib\Utility.scp(72) : 648
C:\»”Ô\ ‰êFHê\Handy600\app\scp\Lib\Utility.scp(75) : 664
C:\»”Ô\ ‰êFHê\Handy600\app\scp\Lib\Utility.scp(76) : 672
C:\»”Ô\ ‰êFHê\Handy600\app\scp\Lib\Utility.scp(77) : 688
C:\»”Ô\ ‰êFHê\Handy600\app\scp\Lib\Utility.scp(78) : 776
C:\»”Ô\ ‰êFHê\Handy600\app\scp\Lib\Utility.scp(79) : 812
C:\»”Ô\ ‰êFHê\Handy600\app\scp\Lib\Utility.scp(84) : 820
C:\»”Ô\ ‰êFHê\Handy600\app\scp\Lib\Utility.scp(85) : 860
C:\»”Ô\ ‰êFHê\Handy600\app\scp\Lib\Utility.scp(86) : 892
C:\»”Ô\ ‰êFHê\Handy600\app\scp\Lib\Utility.scp(87) : 932
C:\»”Ô\ ‰êFHê\Handy600\app\scp\Lib\Utility.scp(88) : 964
C:\»”Ô\ ‰êFHê\Handy600\app\scp\Lib\Utility.scp(90) : 1032
C:\»”Ô\ ‰êFHê\Handy600\app\scp\Lib\Utility.scp(94) : 1092
C:\»”Ô\ ‰êFHê\Handy600\app\scp\Lib\Utility.scp(95) : 1180
C:\»”Ô\ ‰êFHê\Handy600\app\scp\Lib\Utility.scp(96) : 1264
C:\»”Ô\ ‰êFHê\Handy600\app\scp\Lib\Utility.scp(97) : 1276
C:\»”Ô\ ‰êFHê\Handy600\app\scp\Lib\Utility.scp(98) : 1308
C:\»”Ô\ ‰êFHê\Handy600\app\scp\Lib\Utility.scp(100) : 1412
C:\»”Ô\ ‰êFHê\Handy600\app\scp\Lib\Utility.scp(101) : 1508
C:\»”Ô\ ‰êFHê\Handy600\app\scp\Lib\Utility.scp(104) : 1612
C:\»”Ô\ ‰êFHê\Handy600\app\scp\Lib\Utility.scp(105) : 1644
C:\»”Ô\ ‰êFHê\Handy600\app\scp\Lib\Utility.scp(107) : 1664
C:\»”Ô\ ‰êFHê\Handy600\app\scp\Lib\Utility.scp(109) : 1676
C:\»”Ô\ ‰êFHê\Handy600\app\scp\Lib\Utility.scp(110) : 1732
C:\»”Ô\ ‰êFHê\Handy600\app\scp\Lib\Utility.scp(111) : 1764
C:\»”Ô\ ‰êFHê\Handy600\app\scp\Lib\Utility.scp(113) : 1924
C:\»”Ô\ ‰êFHê\Handy600\app\scp\Lib\Utility.scp(114) : 2076
C:\»”Ô\ ‰êFHê\Handy600\app\scp\Lib\Utility.scp(117) : 2264
C:\»”Ô\ ‰êFHê\Handy600\app\scp\Lib\Utility.scp(120) : 2272
C:\»”Ô\ ‰êFHê\Handy600\app\scp\Lib\Utility.scp(121) : 2284
C:\»”Ô\ ‰êFHê\Handy600\app\scp\Lib\Utility.scp(122) : 2392
C:\»”Ô\ ‰êFHê\Handy600\app\scp\Lib\Utility.scp(126) : 2404
C:\»”Ô\ ‰êFHê\Handy600\app\scp\Lib\Utility.scp(127) : 2424
C:\»”Ô\ ‰êFHê\Handy600\app\scp\Lib\Utility.scp(128) : 2456
C:\»”Ô\ ‰êFHê\Handy600\app\scp\Lib\Utility.scp(129) : 2492
C:\»”Ô\ ‰êFHê\Handy600\app\scp\Lib\Utility.scp(131) : 2536
C:\»”Ô\ ‰êFHê\Handy600\app\scp\Lib\Utility.scp(133) : 2552
C:\»”Ô\ ‰êFHê\Handy600\app\scp\Lib\Utility.scp(134) : 2584
C:\»”Ô\ ‰êFHê\Handy600\app\scp\Lib\Utility.scp(135) : 2636
C:\»”Ô\ ‰êFHê\Handy600\app\scp\Lib\Utility.scp(137) : 2664
C:\»”Ô\ ‰êFHê\Handy600\app\scp\Lib\Utility.scp(139) : 2680
C:\»”Ô\ ‰êFHê\Handy600\app\scp\Lib\Utility.scp(140) : 2712
C:\»”Ô\ ‰êFHê\Handy600\app\scp\Lib\Utility.scp(141) : 2744
C:\»”Ô\ ‰êFHê\Handy600\app\scp\Lib\Utility.scp(142) : 2792
C:\»”Ô\ ‰êFHê\Handy600\app\scp\Lib\Utility.scp(143) : 2888
C:\»”Ô\ ‰êFHê\Handy600\app\scp\Lib\Utility.scp(145) : 2912
C:\»”Ô\ ‰êFHê\Handy600\app\scp\Lib\Utility.scp(147) : 2952
C:\»”Ô\ ‰êFHê\Handy600\app\scp\Lib\Utility.scp(148) : 2984
C:\»”Ô\ ‰êFHê\Handy600\app\scp\Lib\Utility.scp(149) : 3016
C:\»”Ô\ ‰êFHê\Handy600\app\scp\Lib\Utility.scp(151) : 3040
C:\»”Ô\ ‰êFHê\Handy600\app\scp\Lib\Utility.scp(152) : 3152
C:\»”Ô\ ‰êFHê\Handy600\app\scp\Lib\Utility.scp(154) : 3192
C:\»”Ô\ ‰êFHê\Handy600\app\scp\Lib\Utility.scp(155) : 3256
C:\»”Ô\ ‰êFHê\Handy600\app\scp\Lib\Utility.scp(156) : 3272
C:\»”Ô\ ‰êFHê\Handy600\app\scp\Lib\Utility.scp(157) : 3288
C:\»”Ô\ ‰êFHê\Handy600\app\scp\Lib\Utility.scp(158) : 3320
C:\»”Ô\ ‰êFHê\Handy600\app\scp\Lib\Utility.scp(159) : 3356
C:\»”Ô\ ‰êFHê\Handy600\app\scp\Lib\Utility.scp(160) : 3424
C:\»”Ô\ ‰êFHê\Handy600\app\scp\Lib\Utility.scp(161) : 3448
C:\»”Ô\ ‰êFHê\Handy600\app\scp\Lib\Utility.scp(162) : 3472
C:\»”Ô\ ‰êFHê\Handy600\app\scp\Lib\Utility.scp(164) : 3492
C:\»”Ô\ ‰êFHê\Handy600\app\scp\Lib\Utility.scp(170) : 3516
C:\»”Ô\ ‰êFHê\Handy600\app\scp\Lib\Utility.scp(172) : 3524
C:\»”Ô\ ‰êFHê\Handy600\app\scp\Lib\Utility.scp(173) : 3532
C:\»”Ô\ ‰êFHê\Handy600\app\scp\Lib\Utility.scp(175) : 3540
C:\»”Ô\ ‰êFHê\Handy600\app\scp\Lib\Utility.scp(176) : 3560
[FileList:item_delete]
C:\»”Ô\ ‰êFHê\Handy600\app\scp\Lib\Utility.scp(186) : 3580
C:\»”Ô\ ‰êFHê\Handy600\app\scp\Lib\Utility.scp(188) : 3596
C:\»”Ô\ ‰êFHê\Handy600\app\scp\Lib\Utility.scp(191) : 3608
C:\»”Ô\ ‰êFHê\Handy600\app\scp\Lib\Utility.scp(192) : 3644
C:\»”Ô\ ‰êFHê\Handy600\app\scp\Lib\Utility.scp(193) : 3700
C:\»”Ô\ ‰êFHê\Handy600\app\scp\Lib\Utility.scp(196) : 3740
C:\»”Ô\ ‰êFHê\Handy600\app\scp\Lib\Utility.scp(197) : 3748
C:\»”Ô\ ‰êFHê\Handy600\app\scp\Lib\Utility.scp(199) : 3764
C:\»”Ô\ ‰êFHê\Handy600\app\scp\Lib\Utility.scp(200) : 3852
C:\»”Ô\ ‰êFHê\Handy600\app\scp\Lib\Utility.scp(201) : 3884
C:\»”Ô\ ‰êFHê\Handy600\app\scp\Lib\Utility.scp(203) : 3892
C:\»”Ô\ ‰êFHê\Handy600\app\scp\Lib\Utility.scp(204) : 3908
C:\»”Ô\ ‰êFHê\Handy600\app\scp\Lib\Utility.scp(205) : 3940
C:\»”Ô\ ‰êFHê\Handy600\app\scp\Lib\Utility.scp(206) : 3952
C:\»”Ô\ ‰êFHê\Handy600\app\scp\Lib\Utility.scp(208) : 3960
C:\»”Ô\ ‰êFHê\Handy600\app\scp\Lib\Utility.scp(209) : 3992
C:\»”Ô\ ‰êFHê\Handy600\app\scp\Lib\Utility.scp(213) : 4000
[FileList:filelist_printpos]
C:\»”Ô\ ‰êFHê\Handy600\app\scp\Lib\Utility.scp(217) : 4020
C:\»”Ô\ ‰êFHê\Handy600\app\scp\Lib\Utility.scp(219) : 4036
C:\»”Ô\ ‰êFHê\Handy600\app\scp\Lib\Utility.scp(220) : 4068
C:\»”Ô\ ‰êFHê\Handy600\app\scp\Lib\Utility.scp(221) : 4084
[FileList:filelist_drawline]
C:\»”Ô\ ‰êFHê\Handy600\app\scp\Lib\Utility.scp(226) : 4104
C:\»”Ô\ ‰êFHê\Handy600\app\scp\Lib\Utility.scp(231) : 4120
C:\»”Ô\ ‰êFHê\Handy600\app\scp\Lib\Utility.scp(232) : 4232
C:\»”Ô\ ‰êFHê\Handy600\app\scp\Lib\Utility.scp(233) : 4300
C:\»”Ô\ ‰êFHê\Handy600\app\scp\Lib\Utility.scp(234) : 4308
[FileList:fileSearch]
C:\»”Ô\ ‰êFHê\Handy600\app\scp\Lib\Utility.scp(237) : 4328
C:\»”Ô\ ‰êFHê\Handy600\app\scp\Lib\Utility.scp(239) : 4344
C:\»”Ô\ ‰êFHê\Handy600\app\scp\Lib\Utility.scp(240) : 4368
[TEMP_MEMORY:push_Screen]
C:\»”Ô\ ‰êFHê\Handy600\app\scp\Lib\Utility.scp(263) : 4388
C:\»”Ô\ ‰êFHê\Handy600\app\scp\Lib\Utility.scp(268) : 4404
C:\»”Ô\ ‰êFHê\Handy600\app\scp\Lib\Utility.scp(269) : 4420
C:\»”Ô\ ‰êFHê\Handy600\app\scp\Lib\Utility.scp(270) : 4436
C:\»”Ô\ ‰êFHê\Handy600\app\scp\Lib\Utility.scp(271) : 4452
C:\»”Ô\ ‰êFHê\Handy600\app\scp\Lib\Utility.scp(272) : 4468
C:\»”Ô\ ‰êFHê\Handy600\app\scp\Lib\Utility.scp(273) : 4484
C:\»”Ô\ ‰êFHê\Handy600\app\scp\Lib\Utility.scp(274) : 4500
C:\»”Ô\ ‰êFHê\Handy600\app\scp\Lib\Utility.scp(275) : 4516
C:\»”Ô\ ‰êFHê\Handy600\app\scp\Lib\Utility.scp(276) : 4532
C:\»”Ô\ ‰êFHê\Handy600\app\scp\Lib\Utility.scp(279) : 4548
[TEMP_MEMORY:pop_Screen]
C:\»”Ô\ ‰êFHê\Handy600\app\scp\Lib\Utility.scp(284) : 4568
C:\»”Ô\ ‰êFHê\Handy600\app\scp\Lib\Utility.scp(289) : 4584
C:\»”Ô\ ‰êFHê\Handy600\app\scp\Lib\Utility.scp(290) : 4600
C:\»”Ô\ ‰êFHê\Handy600\app\scp\Lib\Utility.scp(291) : 4616
C:\»”Ô\ ‰êFHê\Handy600\app\scp\Lib\Utility.scp(292) : 4632
C:\»”Ô\ ‰êFHê\Handy600\app\scp\Lib\Utility.scp(293) : 4648
C:\»”Ô\ ‰êFHê\Handy600\app\scp\Lib\Utility.scp(294) : 4664
C:\»”Ô\ ‰êFHê\Handy600\app\scp\Lib\Utility.scp(295) : 4680
C:\»”Ô\ ‰êFHê\Handy600\app\scp\Lib\Utility.scp(296) : 4696
C:\»”Ô\ ‰êFHê\Handy600\app\scp\Lib\Utility.scp(297) : 4712
C:\»”Ô\ ‰êFHê\Handy600\app\scp\Lib\Utility.scp(298) : 4768
C:\»”Ô\ ‰êFHê\Handy600\app\scp\Lib\Utility.scp(302) : 4784
[ErrorCode:ErrorString]
C:\»”Ô\ ‰êFHê\Handy600\app\scp\Lib\Const.scp(6) : 4804
C:\»”Ô\ ‰êFHê\Handy600\app\scp\Lib\Error.scp(15) : 4820
C:\»”Ô\ ‰êFHê\Handy600\app\scp\Lib\Error.scp(17) : 4836
C:\»”Ô\ ‰êFHê\Handy600\app\scp\Lib\Error.scp(18) : 4844
C:\»”Ô\ ‰êFHê\Handy600\app\scp\Lib\Error.scp(20) : 4876
C:\»”Ô\ ‰êFHê\Handy600\app\scp\Lib\Error.scp(21) : 4900
C:\»”Ô\ ‰êFHê\Handy600\app\scp\Lib\Error.scp(23) : 4932
C:\»”Ô\ ‰êFHê\Handy600\app\scp\Lib\Error.scp(24) : 4956
C:\»”Ô\ ‰êFHê\Handy600\app\scp\Lib\Error.scp(26) : 4988
C:\»”Ô\ ‰êFHê\Handy600\app\scp\Lib\Error.scp(27) : 5012
C:\»”Ô\ ‰êFHê\Handy600\app\scp\Lib\Error.scp(29) : 5044
C:\»”Ô\ ‰êFHê\Handy600\app\scp\Lib\Error.scp(30) : 5068
C:\»”Ô\ ‰êFHê\Handy600\app\scp\Lib\Error.scp(32) : 5100
C:\»”Ô\ ‰êFHê\Handy600\app\scp\Lib\Error.scp(33) : 5124
C:\»”Ô\ ‰êFHê\Handy600\app\scp\Lib\Error.scp(35) : 5156
C:\»”Ô\ ‰êFHê\Handy600\app\scp\Lib\Error.scp(36) : 5180
C:\»”Ô\ ‰êFHê\Handy600\app\scp\Lib\Error.scp(38) : 5212
C:\»”Ô\ ‰êFHê\Handy600\app\scp\Lib\Error.scp(39) : 5236
C:\»”Ô\ ‰êFHê\Handy600\app\scp\Lib\Error.scp(41) : 5268
C:\»”Ô\ ‰êFHê\Handy600\app\scp\Lib\Error.scp(42) : 5292
C:\»”Ô\ ‰êFHê\Handy600\app\scp\Lib\Error.scp(44) : 5324
C:\»”Ô\ ‰êFHê\Handy600\app\scp\Lib\Error.scp(45) : 5348
C:\»”Ô\ ‰êFHê\Handy600\app\scp\Lib\Error.scp(47) : 5380
C:\»”Ô\ ‰êFHê\Handy600\app\scp\Lib\Error.scp(48) : 5404
C:\»”Ô\ ‰êFHê\Handy600\app\scp\Lib\Error.scp(50) : 5436
C:\»”Ô\ ‰êFHê\Handy600\app\scp\Lib\Error.scp(51) : 5460
C:\»”Ô\ ‰êFHê\Handy600\app\scp\Lib\Error.scp(53) : 5492
C:\»”Ô\ ‰êFHê\Handy600\app\scp\Lib\Error.scp(54) : 5516
C:\»”Ô\ ‰êFHê\Handy600\app\scp\Lib\Error.scp(56) : 5548
C:\»”Ô\ ‰êFHê\Handy600\app\scp\Lib\Error.scp(57) : 5572
C:\»”Ô\ ‰êFHê\Handy600\app\scp\Lib\Error.scp(59) : 5604
C:\»”Ô\ ‰êFHê\Handy600\app\scp\Lib\Error.scp(62) : 5636
C:\»”Ô\ ‰êFHê\Handy600\app\scp\Lib\Error.scp(64) : 5660
[ErrorCode:dispUpdate]
C:\»”Ô\ ‰êFHê\Handy600\app\scp\Lib\Error.scp(67) : 5680
C:\»”Ô\ ‰êFHê\Handy600\app\scp\Lib\Error.scp(71) : 5696
C:\»”Ô\ ‰êFHê\Handy600\app\scp\Lib\Error.scp(72) : 5708
C:\»”Ô\ ‰êFHê\Handy600\app\scp\Lib\Error.scp(73) : 5844
C:\»”Ô\ ‰êFHê\Handy600\app\scp\Lib\Error.scp(76) : 5856
[ErrorCode:dispDelete]
C:\»”Ô\ ‰êFHê\Handy600\app\scp\Lib\Error.scp(79) : 5876
C:\»”Ô\ ‰êFHê\Handy600\app\scp\Lib\Error.scp(81) : 5892
C:\»”Ô\ ‰êFHê\Handy600\app\scp\Lib\Error.scp(82) : 5912
C:\»”Ô\ ‰êFHê\Handy600\app\scp\Lib\Error.scp(83) : 5920
[MatchCode:location_match]
C:\»”Ô\ ‰êFHê\Handy600\app\scp\Lib\Error.scp(93) : 5940
C:\»”Ô\ ‰êFHê\Handy600\app\scp\Lib\Error.scp(97) : 5956
C:\»”Ô\ ‰êFHê\Handy600\app\scp\Lib\Error.scp(99) : 6000
C:\»”Ô\ ‰êFHê\Handy600\app\scp\Lib\Error.scp(100) : 6020
C:\»”Ô\ ‰êFHê\Handy600\app\scp\Lib\Error.scp(101) : 6048
C:\»”Ô\ ‰êFHê\Handy600\app\scp\Lib\Error.scp(103) : 6092
C:\»”Ô\ ‰êFHê\Handy600\app\scp\Lib\Error.scp(104) : 6112
C:\»”Ô\ ‰êFHê\Handy600\app\scp\Lib\Error.scp(106) : 6140
C:\»”Ô\ ‰êFHê\Handy600\app\scp\Lib\Error.scp(107) : 6236
C:\»”Ô\ ‰êFHê\Handy600\app\scp\Lib\Error.scp(108) : 6308
C:\»”Ô\ ‰êFHê\Handy600\app\scp\Lib\Error.scp(110) : 6440
C:\»”Ô\ ‰êFHê\Handy600\app\scp\Lib\Error.scp(111) : 6460
C:\»”Ô\ ‰êFHê\Handy600\app\scp\Lib\Error.scp(113) : 6480
C:\»”Ô\ ‰êFHê\Handy600\app\scp\Lib\Error.scp(116) : 6488
C:\»”Ô\ ‰êFHê\Handy600\app\scp\Lib\Error.scp(117) : 6508
[MatchCode:stockNo_match]
C:\»”Ô\ ‰êFHê\Handy600\app\scp\Lib\Error.scp(120) : 6528
C:\»”Ô\ ‰êFHê\Handy600\app\scp\Lib\Error.scp(122) : 6544
C:\»”Ô\ ‰êFHê\Handy600\app\scp\Lib\Error.scp(124) : 6596
C:\»”Ô\ ‰êFHê\Handy600\app\scp\Lib\Error.scp(125) : 6640
C:\»”Ô\ ‰êFHê\Handy600\app\scp\Lib\Error.scp(127) : 6692
C:\»”Ô\ ‰êFHê\Handy600\app\scp\Lib\Error.scp(130) : 6736
C:\»”Ô\ ‰êFHê\Handy600\app\scp\Lib\Error.scp(132) : 6772
[MatchCode:stockNo_match_NotP]
C:\»”Ô\ ‰êFHê\Handy600\app\scp\Lib\Error.scp(135) : 6792
C:\»”Ô\ ‰êFHê\Handy600\app\scp\Lib\Error.scp(137) : 6808
C:\»”Ô\ ‰êFHê\Handy600\app\scp\Lib\Error.scp(139) : 6860
C:\»”Ô\ ‰êFHê\Handy600\app\scp\Lib\Error.scp(140) : 6880
C:\»”Ô\ ‰êFHê\Handy600\app\scp\Lib\Error.scp(141) : 6908
C:\»”Ô\ ‰êFHê\Handy600\app\scp\Lib\Error.scp(143) : 6960
C:\»”Ô\ ‰êFHê\Handy600\app\scp\Lib\Error.scp(146) : 7004
C:\»”Ô\ ‰êFHê\Handy600\app\scp\Lib\Error.scp(148) : 7040
[MatchCode:box_pallet_match]
C:\»”Ô\ ‰êFHê\Handy600\app\scp\Lib\Error.scp(151) : 7060
C:\»”Ô\ ‰êFHê\Handy600\app\scp\Lib\Error.scp(153) : 7076
C:\»”Ô\ ‰êFHê\Handy600\app\scp\Lib\Error.scp(155) : 7120
C:\»”Ô\ ‰êFHê\Handy600\app\scp\Lib\Error.scp(156) : 7140
C:\»”Ô\ ‰êFHê\Handy600\app\scp\Lib\Error.scp(157) : 7168
C:\»”Ô\ ‰êFHê\Handy600\app\scp\Lib\Error.scp(159) : 7212
C:\»”Ô\ ‰êFHê\Handy600\app\scp\Lib\Error.scp(160) : 7232
C:\»”Ô\ ‰êFHê\Handy600\app\scp\Lib\Error.scp(161) : 7260
C:\»”Ô\ ‰êFHê\Handy600\app\scp\Lib\Error.scp(163) : 7324
C:\»”Ô\ ‰êFHê\Handy600\app\scp\Lib\Error.scp(164) : 7376
C:\»”Ô\ ‰êFHê\Handy600\app\scp\Lib\Error.scp(166) : 7404
C:\»”Ô\ ‰êFHê\Handy600\app\scp\Lib\Error.scp(169) : 7424
C:\»”Ô\ ‰êFHê\Handy600\app\scp\Lib\Error.scp(172) : 7444
C:\»”Ô\ ‰êFHê\Handy600\app\scp\Lib\Error.scp(173) : 7464
[MatchCode:tag_match]
C:\»”Ô\ ‰êFHê\Handy600\app\scp\Lib\Error.scp(176) : 7484
C:\»”Ô\ ‰êFHê\Handy600\app\scp\Lib\Error.scp(179) : 7500
C:\»”Ô\ ‰êFHê\Handy600\app\scp\Lib\Error.scp(181) : 7544
C:\»”Ô\ ‰êFHê\Handy600\app\scp\Lib\Error.scp(182) : 7564
C:\»”Ô\ ‰êFHê\Handy600\app\scp\Lib\Error.scp(183) : 7592
C:\»”Ô\ ‰êFHê\Handy600\app\scp\Lib\Error.scp(185) : 7636
C:\»”Ô\ ‰êFHê\Handy600\app\scp\Lib\Error.scp(186) : 7656
C:\»”Ô\ ‰êFHê\Handy600\app\scp\Lib\Error.scp(189) : 7676
C:\»”Ô\ ‰êFHê\Handy600\app\scp\Lib\Error.scp(192) : 7780
C:\»”Ô\ ‰êFHê\Handy600\app\scp\Lib\Error.scp(193) : 7800
C:\»”Ô\ ‰êFHê\Handy600\app\scp\Lib\Error.scp(195) : 7820
C:\»”Ô\ ‰êFHê\Handy600\app\scp\Lib\Error.scp(197) : 7904
C:\»”Ô\ ‰êFHê\Handy600\app\scp\Lib\Error.scp(199) : 7924
C:\»”Ô\ ‰êFHê\Handy600\app\scp\Lib\Error.scp(203) : 7944
C:\»”Ô\ ‰êFHê\Handy600\app\scp\Lib\Error.scp(211) : 8288
C:\»”Ô\ ‰êFHê\Handy600\app\scp\Lib\Error.scp(212) : 8308
C:\»”Ô\ ‰êFHê\Handy600\app\scp\Lib\Error.scp(216) : 8328
C:\»”Ô\ ‰êFHê\Handy600\app\scp\Lib\Error.scp(218) : 8348
[MatchCode:user_match]
C:\»”Ô\ ‰êFHê\Handy600\app\scp\Lib\Error.scp(221) : 8368
C:\»”Ô\ ‰êFHê\Handy600\app\scp\Lib\Error.scp(224) : 8384
C:\»”Ô\ ‰êFHê\Handy600\app\scp\Lib\Error.scp(226) : 8428
C:\»”Ô\ ‰êFHê\Handy600\app\scp\Lib\Error.scp(227) : 8448
C:\»”Ô\ ‰êFHê\Handy600\app\scp\Lib\Error.scp(228) : 8476
C:\»”Ô\ ‰êFHê\Handy600\app\scp\Lib\Error.scp(230) : 8520
C:\»”Ô\ ‰êFHê\Handy600\app\scp\Lib\Error.scp(231) : 8540
C:\»”Ô\ ‰êFHê\Handy600\app\scp\Lib\Error.scp(234) : 8560
C:\»”Ô\ ‰êFHê\Handy600\app\scp\Lib\Error.scp(242) : 8904
C:\»”Ô\ ‰êFHê\Handy600\app\scp\Lib\Error.scp(243) : 8924
C:\»”Ô\ ‰êFHê\Handy600\app\scp\Lib\Error.scp(247) : 8944
C:\»”Ô\ ‰êFHê\Handy600\app\scp\Lib\Error.scp(249) : 8964
[Common:Initialize]
C:\»”Ô\ ‰êFHê\Handy600\app\scp\Lib\Common.scp(11) : 8984
C:\»”Ô\ ‰êFHê\Handy600\app\scp\Lib\Common.scp(14) : 9000
C:\»”Ô\ ‰êFHê\Handy600\app\scp\Lib\Common.scp(16) : 9012
[Common:BarcodeRead]
C:\»”Ô\ ‰êFHê\Handy600\app\scp\Lib\Common.scp(18) : 9032
C:\»”Ô\ ‰êFHê\Handy600\app\scp\Lib\Common.scp(21) : 9048
C:\»”Ô\ ‰êFHê\Handy600\app\scp\Lib\Common.scp(24) : 9068
C:\»”Ô\ ‰êFHê\Handy600\app\scp\Lib\Common.scp(25) : 9116
C:\»”Ô\ ‰êFHê\Handy600\app\scp\Lib\Common.scp(29) : 9240
C:\»”Ô\ ‰êFHê\Handy600\app\scp\Lib\Common.scp(30) : 9252
C:\»”Ô\ ‰êFHê\Handy600\app\scp\Lib\Common.scp(32) : 9264
C:\»”Ô\ ‰êFHê\Handy600\app\scp\Lib\Common.scp(33) : 9276
C:\»”Ô\ ‰êFHê\Handy600\app\scp\Lib\Common.scp(34) : 9288
C:\»”Ô\ ‰êFHê\Handy600\app\scp\Lib\Common.scp(35) : 9300
C:\»”Ô\ ‰êFHê\Handy600\app\scp\Lib\Common.scp(36) : 9312
C:\»”Ô\ ‰êFHê\Handy600\app\scp\Lib\Common.scp(37) : 9324
C:\»”Ô\ ‰êFHê\Handy600\app\scp\Lib\Common.scp(39) : 9336
[Common:read_NG]
C:\»”Ô\ ‰êFHê\Handy600\app\scp\Lib\Common.scp(43) : 9356
C:\»”Ô\ ‰êFHê\Handy600\app\scp\Lib\Common.scp(47) : 9372
C:\»”Ô\ ‰êFHê\Handy600\app\scp\Lib\Common.scp(51) : 9484
C:\»”Ô\ ‰êFHê\Handy600\app\scp\Lib\Common.scp(55) : 9572
C:\»”Ô\ ‰êFHê\Handy600\app\scp\Lib\Common.scp(58) : 9644
C:\»”Ô\ ‰êFHê\Handy600\app\scp\Lib\Common.scp(59) : 9652
C:\»”Ô\ ‰êFHê\Handy600\app\scp\Lib\Common.scp(60) : 9660
C:\»”Ô\ ‰êFHê\Handy600\app\scp\Lib\Common.scp(61) : 9668
[Common:read_OK]
C:\»”Ô\ ‰êFHê\Handy600\app\scp\Lib\Common.scp(66) : 9688
C:\»”Ô\ ‰êFHê\Handy600\app\scp\Lib\Common.scp(70) : 9704
C:\»”Ô\ ‰êFHê\Handy600\app\scp\Lib\Common.scp(74) : 9816
C:\»”Ô\ ‰êFHê\Handy600\app\scp\Lib\Common.scp(77) : 9904
C:\»”Ô\ ‰êFHê\Handy600\app\scp\Lib\Common.scp(78) : 9912
C:\»”Ô\ ‰êFHê\Handy600\app\scp\Lib\Common.scp(80) : 9920
[Common:data_count]
C:\»”Ô\ ‰êFHê\Handy600\app\scp\Lib\Common.scp(83) : 9940
C:\»”Ô\ ‰êFHê\Handy600\app\scp\Lib\Common.scp(85) : 9956
C:\»”Ô\ ‰êFHê\Handy600\app\scp\Lib\Common.scp(86) : 9996
C:\»”Ô\ ‰êFHê\Handy600\app\scp\Lib\Common.scp(88) : 10060
C:\»”Ô\ ‰êFHê\Handy600\app\scp\Lib\Common.scp(90) : 10108
C:\»”Ô\ ‰êFHê\Handy600\app\scp\Lib\Common.scp(93) : 10156
C:\»”Ô\ ‰êFHê\Handy600\app\scp\Lib\Common.scp(95) : 10184
[Common:get_last_data]
C:\»”Ô\ ‰êFHê\Handy600\app\scp\Lib\Common.scp(98) : 10204
C:\»”Ô\ ‰êFHê\Handy600\app\scp\Lib\Common.scp(99) : 10220
C:\»”Ô\ ‰êFHê\Handy600\app\scp\Lib\Common.scp(101) : 10236
C:\»”Ô\ ‰êFHê\Handy600\app\scp\Lib\Common.scp(102) : 10276
C:\»”Ô\ ‰êFHê\Handy600\app\scp\Lib\Common.scp(103) : 10284
C:\»”Ô\ ‰êFHê\Handy600\app\scp\Lib\Common.scp(104) : 10300
C:\»”Ô\ ‰êFHê\Handy600\app\scp\Lib\Common.scp(105) : 10352
C:\»”Ô\ ‰êFHê\Handy600\app\scp\Lib\Common.scp(107) : 10396
C:\»”Ô\ ‰êFHê\Handy600\app\scp\Lib\Common.scp(109) : 10420
[Common:str_pad]
C:\»”Ô\ ‰êFHê\Handy600\app\scp\Lib\Common.scp(112) : 10440
C:\»”Ô\ ‰êFHê\Handy600\app\scp\Lib\Common.scp(113) : 10456
C:\»”Ô\ ‰êFHê\Handy600\app\scp\Lib\Common.scp(115) : 10472
C:\»”Ô\ ‰êFHê\Handy600\app\scp\Lib\Common.scp(116) : 10512
C:\»”Ô\ ‰êFHê\Handy600\app\scp\Lib\Common.scp(118) : 10544
C:\»”Ô\ ‰êFHê\Handy600\app\scp\Lib\Common.scp(120) : 10624
[Common:delete_user_file]
C:\»”Ô\ ‰êFHê\Handy600\app\scp\Lib\Common.scp(123) : 10644
C:\»”Ô\ ‰êFHê\Handy600\app\scp\Lib\Common.scp(124) : 10660
C:\»”Ô\ ‰êFHê\Handy600\app\scp\Lib\Common.scp(131) : 10672
C:\»”Ô\ ‰êFHê\Handy600\app\scp\Lib\Common.scp(132) : 10732
C:\»”Ô\ ‰êFHê\Handy600\app\scp\Lib\Common.scp(133) : 10740
C:\»”Ô\ ‰êFHê\Handy600\app\scp\Lib\Common.scp(135) : 10756
C:\»”Ô\ ‰êFHê\Handy600\app\scp\Lib\Common.scp(136) : 10784
C:\»”Ô\ ‰êFHê\Handy600\app\scp\Lib\Common.scp(137) : 10812
C:\»”Ô\ ‰êFHê\Handy600\app\scp\Lib\Common.scp(138) : 10828
C:\»”Ô\ ‰êFHê\Handy600\app\scp\Lib\Common.scp(141) : 10972
C:\»”Ô\ ‰êFHê\Handy600\app\scp\Lib\Common.scp(142) : 10992
C:\»”Ô\ ‰êFHê\Handy600\app\scp\Lib\Common.scp(145) : 11000
C:\»”Ô\ ‰êFHê\Handy600\app\scp\Lib\Common.scp(147) : 11020
C:\»”Ô\ ‰êFHê\Handy600\app\scp\Lib\Common.scp(148) : 11032
C:\»”Ô\ ‰êFHê\Handy600\app\scp\Lib\Common.scp(149) : 11052
C:\»”Ô\ ‰êFHê\Handy600\app\scp\Lib\Common.scp(150) : 11084
C:\»”Ô\ ‰êFHê\Handy600\app\scp\Lib\Common.scp(151) : 11120
C:\»”Ô\ ‰êFHê\Handy600\app\scp\Lib\Common.scp(152) : 11172
C:\»”Ô\ ‰êFHê\Handy600\app\scp\Lib\Common.scp(153) : 11224
C:\»”Ô\ ‰êFHê\Handy600\app\scp\Lib\Common.scp(154) : 11256
C:\»”Ô\ ‰êFHê\Handy600\app\scp\Lib\Common.scp(155) : 11288
C:\»”Ô\ ‰êFHê\Handy600\app\scp\Lib\Common.scp(156) : 11336
C:\»”Ô\ ‰êFHê\Handy600\app\scp\Lib\Common.scp(157) : 11348
C:\»”Ô\ ‰êFHê\Handy600\app\scp\Lib\Common.scp(160) : 11356
C:\»”Ô\ ‰êFHê\Handy600\app\scp\Lib\Common.scp(161) : 11364
C:\»”Ô\ ‰êFHê\Handy600\app\scp\Lib\Common.scp(162) : 11392
C:\»”Ô\ ‰êFHê\Handy600\app\scp\Lib\Common.scp(163) : 11408
C:\»”Ô\ ‰êFHê\Handy600\app\scp\Lib\Common.scp(165) : 11444
C:\»”Ô\ ‰êFHê\Handy600\app\scp\Lib\Common.scp(168) : 11464
C:\»”Ô\ ‰êFHê\Handy600\app\scp\Lib\Common.scp(169) : 11472
C:\»”Ô\ ‰êFHê\Handy600\app\scp\Lib\Common.scp(171) : 11480
[InputLoop:input_loop]
C:\»”Ô\ ‰êFHê\Handy600\app\scp\Lib\Common.scp(182) : 11500
C:\»”Ô\ ‰êFHê\Handy600\app\scp\Lib\Common.scp(186) : 11516
C:\»”Ô\ ‰êFHê\Handy600\app\scp\Lib\Common.scp(187) : 11524
C:\»”Ô\ ‰êFHê\Handy600\app\scp\Lib\Common.scp(188) : 11552
C:\»”Ô\ ‰êFHê\Handy600\app\scp\Lib\Common.scp(189) : 11584
C:\»”Ô\ ‰êFHê\Handy600\app\scp\Lib\Common.scp(190) : 11612
C:\»”Ô\ ‰êFHê\Handy600\app\scp\Lib\Common.scp(193) : 11652
C:\»”Ô\ ‰êFHê\Handy600\app\scp\Lib\Common.scp(194) : 11684
C:\»”Ô\ ‰êFHê\Handy600\app\scp\Lib\Common.scp(195) : 11692
C:\»”Ô\ ‰êFHê\Handy600\app\scp\Lib\Common.scp(196) : 11720
C:\»”Ô\ ‰êFHê\Handy600\app\scp\Lib\Common.scp(197) : 11752
C:\»”Ô\ ‰êFHê\Handy600\app\scp\Lib\Common.scp(198) : 11780
C:\»”Ô\ ‰êFHê\Handy600\app\scp\Lib\Common.scp(199) : 11800
C:\»”Ô\ ‰êFHê\Handy600\app\scp\Lib\Common.scp(200) : 11808
C:\»”Ô\ ‰êFHê\Handy600\app\scp\Lib\Common.scp(201) : 11840
C:\»”Ô\ ‰êFHê\Handy600\app\scp\Lib\Common.scp(202) : 11868
C:\»”Ô\ ‰êFHê\Handy600\app\scp\Lib\Common.scp(203) : 11888
C:\»”Ô\ ‰êFHê\Handy600\app\scp\Lib\Common.scp(204) : 11896
C:\»”Ô\ ‰êFHê\Handy600\app\scp\Lib\Common.scp(205) : 11928
C:\»”Ô\ ‰êFHê\Handy600\app\scp\Lib\Common.scp(206) : 11956
C:\»”Ô\ ‰êFHê\Handy600\app\scp\Lib\Common.scp(207) : 11988
C:\»”Ô\ ‰êFHê\Handy600\app\scp\Lib\Common.scp(208) : 12016
C:\»”Ô\ ‰êFHê\Handy600\app\scp\Lib\Common.scp(210) : 12056
C:\»”Ô\ ‰êFHê\Handy600\app\scp\Lib\Common.scp(212) : 12088
C:\»”Ô\ ‰êFHê\Handy600\app\scp\Lib\Common.scp(213) : 12096
C:\»”Ô\ ‰êFHê\Handy600\app\scp\Lib\Common.scp(214) : 12124
C:\»”Ô\ ‰êFHê\Handy600\app\scp\Lib\Common.scp(215) : 12156
C:\»”Ô\ ‰êFHê\Handy600\app\scp\Lib\Common.scp(216) : 12184
C:\»”Ô\ ‰êFHê\Handy600\app\scp\Lib\Common.scp(217) : 12204
C:\»”Ô\ ‰êFHê\Handy600\app\scp\Lib\Common.scp(218) : 12212
C:\»”Ô\ ‰êFHê\Handy600\app\scp\Lib\Common.scp(219) : 12244
C:\»”Ô\ ‰êFHê\Handy600\app\scp\Lib\Common.scp(220) : 12272
C:\»”Ô\ ‰êFHê\Handy600\app\scp\Lib\Common.scp(221) : 12292
C:\»”Ô\ ‰êFHê\Handy600\app\scp\Lib\Common.scp(222) : 12300
C:\»”Ô\ ‰êFHê\Handy600\app\scp\Lib\Common.scp(223) : 12332
C:\»”Ô\ ‰êFHê\Handy600\app\scp\Lib\Common.scp(224) : 12360
C:\»”Ô\ ‰êFHê\Handy600\app\scp\Lib\Common.scp(225) : 12392
C:\»”Ô\ ‰êFHê\Handy600\app\scp\Lib\Common.scp(226) : 12420
C:\»”Ô\ ‰êFHê\Handy600\app\scp\Lib\Common.scp(228) : 12460
C:\»”Ô\ ‰êFHê\Handy600\app\scp\Lib\Common.scp(231) : 12484
[main]
C:\»”Ô\ ‰êFHê\Handy600\app\scp\Delete.scp(14) : 12504
C:\»”Ô\ ‰êFHê\Handy600\app\scp\Delete.scp(17) : 12520
C:\»”Ô\ ‰êFHê\Handy600\app\scp\Delete.scp(19) : 12548
C:\»”Ô\ ‰êFHê\Handy600\app\scp\Delete.scp(20) : 12560
C:\»”Ô\ ‰êFHê\Handy600\app\scp\Delete.scp(21) : 12616
[LOGDELETE:delete_main]
C:\»”Ô\ ‰êFHê\Handy600\app\scp\Delete.scp(27) : 12636
C:\»”Ô\ ‰êFHê\Handy600\app\scp\Delete.scp(35) : 12652
C:\»”Ô\ ‰êFHê\Handy600\app\scp\Delete.scp(38) : 12660
C:\»”Ô\ ‰êFHê\Handy600\app\scp\Delete.scp(39) : 12688
C:\»”Ô\ ‰êFHê\Handy600\app\scp\Delete.scp(40) : 12716
C:\»”Ô\ ‰êFHê\Handy600\app\scp\Delete.scp(43) : 12744
C:\»”Ô\ ‰êFHê\Handy600\app\scp\Delete.scp(44) : 12852
C:\»”Ô\ ‰êFHê\Handy600\app\scp\Delete.scp(45) : 12876
C:\»”Ô\ ‰êFHê\Handy600\app\scp\Delete.scp(46) : 12936
C:\»”Ô\ ‰êFHê\Handy600\app\scp\Delete.scp(49) : 12956
C:\»”Ô\ ‰êFHê\Handy600\app\scp\Delete.scp(51) : 12964
C:\»”Ô\ ‰êFHê\Handy600\app\scp\Delete.scp(53) : 12984
C:\»”Ô\ ‰êFHê\Handy600\app\scp\Delete.scp(54) : 13092
C:\»”Ô\ ‰êFHê\Handy600\app\scp\Delete.scp(55) : 13152
C:\»”Ô\ ‰êFHê\Handy600\app\scp\Delete.scp(59) : 13172
C:\»”Ô\ ‰êFHê\Handy600\app\scp\Delete.scp(60) : 13192
C:\»”Ô\ ‰êFHê\Handy600\app\scp\Delete.scp(61) : 13224
C:\»”Ô\ ‰êFHê\Handy600\app\scp\Delete.scp(62) : 13240
C:\»”Ô\ ‰êFHê\Handy600\app\scp\Delete.scp(65) : 13280
C:\»”Ô\ ‰êFHê\Handy600\app\scp\Delete.scp(66) : 13340
C:\»”Ô\ ‰êFHê\Handy600\app\scp\Delete.scp(68) : 13360
C:\»”Ô\ ‰êFHê\Handy600\app\scp\Delete.scp(70) : 13368
[LOGDELETE:log_delete]
C:\»”Ô\ ‰êFHê\Handy600\app\scp\Delete.scp(72) : 13388
C:\»”Ô\ ‰êFHê\Handy600\app\scp\Delete.scp(73) : 13404
C:\»”Ô\ ‰êFHê\Handy600\app\scp\Delete.scp(75) : 13420
C:\»”Ô\ ‰êFHê\Handy600\app\scp\Delete.scp(76) : 13428
C:\»”Ô\ ‰êFHê\Handy600\app\scp\Delete.scp(77) : 13460
C:\»”Ô\ ‰êFHê\Handy600\app\scp\Delete.scp(78) : 13496
C:\»”Ô\ ‰êFHê\Handy600\app\scp\Delete.scp(80) : 13528
C:\»”Ô\ ‰êFHê\Handy600\app\scp\Delete.scp(82) : 13560
C:\»”Ô\ ‰êFHê\Handy600\app\scp\Delete.scp(83) : 13592
C:\»”Ô\ ‰êFHê\Handy600\app\scp\Delete.scp(84) : 13628
C:\»”Ô\ ‰êFHê\Handy600\app\scp\Delete.scp(86) : 13660
C:\»”Ô\ ‰êFHê\Handy600\app\scp\Delete.scp(88) : 13692
C:\»”Ô\ ‰êFHê\Handy600\app\scp\Delete.scp(89) : 13724
C:\»”Ô\ ‰êFHê\Handy600\app\scp\Delete.scp(90) : 13760
C:\»”Ô\ ‰êFHê\Handy600\app\scp\Delete.scp(92) : 13792
C:\»”Ô\ ‰êFHê\Handy600\app\scp\Delete.scp(94) : 13824
C:\»”Ô\ ‰êFHê\Handy600\app\scp\Delete.scp(95) : 13856
C:\»”Ô\ ‰êFHê\Handy600\app\scp\Delete.scp(97) : 13892
C:\»”Ô\ ‰êFHê\Handy600\app\scp\Delete.scp(98) : 13900
C:\»”Ô\ ‰êFHê\Handy600\app\scp\Delete.scp(100) : 13932
C:\»”Ô\ ‰êFHê\Handy600\app\scp\Delete.scp(104) : 13972
C:\»”Ô\ ‰êFHê\Handy600\app\scp\Delete.scp(106) : 13980
C:\»”Ô\ ‰êFHê\Handy600\app\scp\Delete.scp(107) : 14020
C:\»”Ô\ ‰êFHê\Handy600\app\scp\Delete.scp(108) : 14028
C:\»”Ô\ ‰êFHê\Handy600\app\scp\Delete.scp(110) : 14052
C:\»”Ô\ ‰êFHê\Handy600\app\scp\Delete.scp(114) : 14068
C:\»”Ô\ ‰êFHê\Handy600\app\scp\Delete.scp(115) : 14080
C:\»”Ô\ ‰êFHê\Handy600\app\scp\Delete.scp(116) : 14188
C:\»”Ô\ ‰êFHê\Handy600\app\scp\Delete.scp(120) : 14200
[LOGDELETE:disp_normal]
C:\»”Ô\ ‰êFHê\Handy600\app\scp\Delete.scp(123) : 14220
C:\»”Ô\ ‰êFHê\Handy600\app\scp\Delete.scp(125) : 14236
C:\»”Ô\ ‰êFHê\Handy600\app\scp\Delete.scp(126) : 14264
C:\»”Ô\ ‰êFHê\Handy600\app\scp\Delete.scp(127) : 14292
C:\»”Ô\ ‰êFHê\Handy600\app\scp\Delete.scp(129) : 14320
C:\»”Ô\ ‰êFHê\Handy600\app\scp\Delete.scp(130) : 14332
C:\»”Ô\ ‰êFHê\Handy600\app\scp\Delete.scp(131) : 14344
C:\»”Ô\ ‰êFHê\Handy600\app\scp\Delete.scp(132) : 14352
C:\»”Ô\ ‰êFHê\Handy600\app\scp\Delete.scp(133) : 14400
C:\»”Ô\ ‰êFHê\Handy600\app\scp\Delete.scp(134) : 14508
C:\»”Ô\ ‰êFHê\Handy600\app\scp\Delete.scp(135) : 14556
C:\»”Ô\ ‰êFHê\Handy600\app\scp\Delete.scp(136) : 14664
C:\»”Ô\ ‰êFHê\Handy600\app\scp\Delete.scp(137) : 14772
C:\»”Ô\ ‰êFHê\Handy600\app\scp\Delete.scp(138) : 14880
C:\»”Ô\ ‰êFHê\Handy600\app\scp\Delete.scp(139) : 14988
C:\»”Ô\ ‰êFHê\Handy600\app\scp\Delete.scp(140) : 15096
C:\»”Ô\ ‰êFHê\Handy600\app\scp\Delete.scp(142) : 15204
C:\»”Ô\ ‰êFHê\Handy600\app\scp\Delete.scp(143) : 15344
C:\»”Ô\ ‰êFHê\Handy600\app\scp\Delete.scp(144) : 15484
C:\»”Ô\ ‰êFHê\Handy600\app\scp\Delete.scp(146) : 15624
C:\»”Ô\ ‰êFHê\Handy600\app\scp\Delete.scp(149) : 15636
[LOGDELETE:input_loop]
C:\»”Ô\ ‰êFHê\Handy600\app\scp\Delete.scp(152) : 15656
C:\»”Ô\ ‰êFHê\Handy600\app\scp\Delete.scp(155) : 15672
C:\»”Ô\ ‰êFHê\Handy600\app\scp\Delete.scp(156) : 15680
C:\»”Ô\ ‰êFHê\Handy600\app\scp\Delete.scp(157) : 15708
C:\»”Ô\ ‰êFHê\Handy600\app\scp\Delete.scp(158) : 15740
C:\»”Ô\ ‰êFHê\Handy600\app\scp\Delete.scp(159) : 15768
C:\»”Ô\ ‰êFHê\Handy600\app\scp\Delete.scp(160) : 15804
C:\»”Ô\ ‰êFHê\Handy600\app\scp\Delete.scp(161) : 15832
C:\»”Ô\ ‰êFHê\Handy600\app\scp\Delete.scp(162) : 15864
C:\»”Ô\ ‰êFHê\Handy600\app\scp\Delete.scp(163) : 15892
C:\»”Ô\ ‰êFHê\Handy600\app\scp\Delete.scp(164) : 15924
C:\»”Ô\ ‰êFHê\Handy600\app\scp\Delete.scp(165) : 15932
C:\»”Ô\ ‰êFHê\Handy600\app\scp\Delete.scp(168) : 15956
[LOGDELETE:input_String]
C:\»”Ô\ ‰êFHê\Handy600\app\scp\Delete.scp(171) : 15976
C:\»”Ô\ ‰êFHê\Handy600\app\scp\Delete.scp(174) : 15992
C:\»”Ô\ ‰êFHê\Handy600\app\scp\Delete.scp(175) : 16000
C:\»”Ô\ ‰êFHê\Handy600\app\scp\Delete.scp(176) : 16028
C:\»”Ô\ ‰êFHê\Handy600\app\scp\Delete.scp(177) : 16060
C:\»”Ô\ ‰êFHê\Handy600\app\scp\Delete.scp(178) : 16088
C:\»”Ô\ ‰êFHê\Handy600\app\scp\Delete.scp(179) : 16120
C:\»”Ô\ ‰êFHê\Handy600\app\scp\Delete.scp(180) : 16148
C:\»”Ô\ ‰êFHê\Handy600\app\scp\Delete.scp(181) : 16180
C:\»”Ô\ ‰êFHê\Handy600\app\scp\Delete.scp(182) : 16208
C:\»”Ô\ ‰êFHê\Handy600\app\scp\Delete.scp(183) : 16240
C:\»”Ô\ ‰êFHê\Handy600\app\scp\Delete.scp(184) : 16248
C:\»”Ô\ ‰êFHê\Handy600\app\scp\Delete.scp(187) : 16268
[LOGDELETE:wait_input]
C:\»”Ô\ ‰êFHê\Handy600\app\scp\Delete.scp(191) : 16288
C:\»”Ô\ ‰êFHê\Handy600\app\scp\Delete.scp(197) : 16304
C:\»”Ô\ ‰êFHê\Handy600\app\scp\Delete.scp(198) : 16396
C:\»”Ô\ ‰êFHê\Handy600\app\scp\Delete.scp(199) : 16412
C:\»”Ô\ ‰êFHê\Handy600\app\scp\Delete.scp(200) : 16432
C:\»”Ô\ ‰êFHê\Handy600\app\scp\Delete.scp(201) : 16452
C:\»”Ô\ ‰êFHê\Handy600\app\scp\Delete.scp(202) : 16472
C:\»”Ô\ ‰êFHê\Handy600\app\scp\Delete.scp(203) : 16484
C:\»”Ô\ ‰êFHê\Handy600\app\scp\Delete.scp(204) : 16504
C:\»”Ô\ ‰êFHê\Handy600\app\scp\Delete.scp(206) : 16516
C:\»”Ô\ ‰êFHê\Handy600\app\scp\Delete.scp(207) : 16536
C:\»”Ô\ ‰êFHê\Handy600\app\scp\Delete.scp(211) : 16552
C:\»”Ô\ ‰êFHê\Handy600\app\scp\Delete.scp(213) : 16580
C:\»”Ô\ ‰êFHê\Handy600\app\scp\Delete.scp(214) : 16604
