[ErrorCode:ErrorString]
C:\»”Ô\ ‰êFHê\Handy600\app\scp\Lib\Const.scp(6) : 8
C:\»”Ô\ ‰êFHê\Handy600\app\scp\Lib\Error.scp(15) : 24
C:\»”Ô\ ‰êFHê\Handy600\app\scp\Lib\Error.scp(17) : 40
C:\»”Ô\ ‰êFHê\Handy600\app\scp\Lib\Error.scp(18) : 48
C:\»”Ô\ ‰êFHê\Handy600\app\scp\Lib\Error.scp(20) : 80
C:\»”Ô\ ‰êFHê\Handy600\app\scp\Lib\Error.scp(21) : 104
C:\»”Ô\ ‰êFHê\Handy600\app\scp\Lib\Error.scp(23) : 136
C:\»”Ô\ ‰êFHê\Handy600\app\scp\Lib\Error.scp(24) : 160
C:\»”Ô\ ‰êFHê\Handy600\app\scp\Lib\Error.scp(26) : 192
C:\»”Ô\ ‰êFHê\Handy600\app\scp\Lib\Error.scp(27) : 216
C:\»”Ô\ ‰êFHê\Handy600\app\scp\Lib\Error.scp(29) : 248
C:\»”Ô\ ‰êFHê\Handy600\app\scp\Lib\Error.scp(30) : 272
C:\»”Ô\ ‰êFHê\Handy600\app\scp\Lib\Error.scp(32) : 304
C:\»”Ô\ ‰êFHê\Handy600\app\scp\Lib\Error.scp(33) : 328
C:\»”Ô\ ‰êFHê\Handy600\app\scp\Lib\Error.scp(35) : 360
C:\»”Ô\ ‰êFHê\Handy600\app\scp\Lib\Error.scp(36) : 384
C:\»”Ô\ ‰êFHê\Handy600\app\scp\Lib\Error.scp(38) : 416
C:\»”Ô\ ‰êFHê\Handy600\app\scp\Lib\Error.scp(39) : 440
C:\»”Ô\ ‰êFHê\Handy600\app\scp\Lib\Error.scp(41) : 472
C:\»”Ô\ ‰êFHê\Handy600\app\scp\Lib\Error.scp(42) : 496
C:\»”Ô\ ‰êFHê\Handy600\app\scp\Lib\Error.scp(44) : 528
C:\»”Ô\ ‰êFHê\Handy600\app\scp\Lib\Error.scp(45) : 552
C:\»”Ô\ ‰êFHê\Handy600\app\scp\Lib\Error.scp(47) : 584
C:\»”Ô\ ‰êFHê\Handy600\app\scp\Lib\Error.scp(48) : 608
C:\»”Ô\ ‰êFHê\Handy600\app\scp\Lib\Error.scp(50) : 640
C:\»”Ô\ ‰êFHê\Handy600\app\scp\Lib\Error.scp(51) : 664
C:\»”Ô\ ‰êFHê\Handy600\app\scp\Lib\Error.scp(53) : 696
C:\»”Ô\ ‰êFHê\Handy600\app\scp\Lib\Error.scp(54) : 720
C:\»”Ô\ ‰êFHê\Handy600\app\scp\Lib\Error.scp(56) : 752
C:\»”Ô\ ‰êFHê\Handy600\app\scp\Lib\Error.scp(57) : 776
C:\»”Ô\ ‰êFHê\Handy600\app\scp\Lib\Error.scp(59) : 808
C:\»”Ô\ ‰êFHê\Handy600\app\scp\Lib\Error.scp(62) : 840
C:\»”Ô\ ‰êFHê\Handy600\app\scp\Lib\Error.scp(64) : 864
[ErrorCode:dispUpdate]
C:\»”Ô\ ‰êFHê\Handy600\app\scp\Lib\Error.scp(67) : 884
C:\»”Ô\ ‰êFHê\Handy600\app\scp\Lib\Error.scp(71) : 900
C:\»”Ô\ ‰êFHê\Handy600\app\scp\Lib\Error.scp(72) : 912
C:\»”Ô\ ‰êFHê\Handy600\app\scp\Lib\Error.scp(73) : 1048
C:\»”Ô\ ‰êFHê\Handy600\app\scp\Lib\Error.scp(76) : 1060
[ErrorCode:dispDelete]
C:\»”Ô\ ‰êFHê\Handy600\app\scp\Lib\Error.scp(79) : 1080
C:\»”Ô\ ‰êFHê\Handy600\app\scp\Lib\Error.scp(81) : 1096
C:\»”Ô\ ‰êFHê\Handy600\app\scp\Lib\Error.scp(82) : 1116
C:\»”Ô\ ‰êFHê\Handy600\app\scp\Lib\Error.scp(83) : 1124
[MatchCode:location_match]
C:\»”Ô\ ‰êFHê\Handy600\app\scp\Lib\Error.scp(93) : 1144
C:\»”Ô\ ‰êFHê\Handy600\app\scp\Lib\Error.scp(97) : 1160
C:\»”Ô\ ‰êFHê\Handy600\app\scp\Lib\Error.scp(99) : 1204
C:\»”Ô\ ‰êFHê\Handy600\app\scp\Lib\Error.scp(100) : 1224
C:\»”Ô\ ‰êFHê\Handy600\app\scp\Lib\Error.scp(101) : 1252
C:\»”Ô\ ‰êFHê\Handy600\app\scp\Lib\Error.scp(103) : 1296
C:\»”Ô\ ‰êFHê\Handy600\app\scp\Lib\Error.scp(104) : 1316
C:\»”Ô\ ‰êFHê\Handy600\app\scp\Lib\Error.scp(106) : 1344
C:\»”Ô\ ‰êFHê\Handy600\app\scp\Lib\Error.scp(107) : 1440
C:\»”Ô\ ‰êFHê\Handy600\app\scp\Lib\Error.scp(108) : 1512
C:\»”Ô\ ‰êFHê\Handy600\app\scp\Lib\Error.scp(110) : 1644
C:\»”Ô\ ‰êFHê\Handy600\app\scp\Lib\Error.scp(111) : 1664
C:\»”Ô\ ‰êFHê\Handy600\app\scp\Lib\Error.scp(113) : 1684
C:\»”Ô\ ‰êFHê\Handy600\app\scp\Lib\Error.scp(116) : 1692
C:\»”Ô\ ‰êFHê\Handy600\app\scp\Lib\Error.scp(117) : 1712
[MatchCode:stockNo_match]
C:\»”Ô\ ‰êFHê\Handy600\app\scp\Lib\Error.scp(120) : 1732
C:\»”Ô\ ‰êFHê\Handy600\app\scp\Lib\Error.scp(122) : 1748
C:\»”Ô\ ‰êFHê\Handy600\app\scp\Lib\Error.scp(124) : 1800
C:\»”Ô\ ‰êFHê\Handy600\app\scp\Lib\Error.scp(125) : 1844
C:\»”Ô\ ‰êFHê\Handy600\app\scp\Lib\Error.scp(127) : 1896
C:\»”Ô\ ‰êFHê\Handy600\app\scp\Lib\Error.scp(130) : 1940
C:\»”Ô\ ‰êFHê\Handy600\app\scp\Lib\Error.scp(132) : 1976
[MatchCode:stockNo_match_NotP]
C:\»”Ô\ ‰êFHê\Handy600\app\scp\Lib\Error.scp(135) : 1996
C:\»”Ô\ ‰êFHê\Handy600\app\scp\Lib\Error.scp(137) : 2012
C:\»”Ô\ ‰êFHê\Handy600\app\scp\Lib\Error.scp(139) : 2064
C:\»”Ô\ ‰êFHê\Handy600\app\scp\Lib\Error.scp(140) : 2084
C:\»”Ô\ ‰êFHê\Handy600\app\scp\Lib\Error.scp(141) : 2112
C:\»”Ô\ ‰êFHê\Handy600\app\scp\Lib\Error.scp(143) : 2164
C:\»”Ô\ ‰êFHê\Handy600\app\scp\Lib\Error.scp(146) : 2208
C:\»”Ô\ ‰êFHê\Handy600\app\scp\Lib\Error.scp(148) : 2244
[MatchCode:box_pallet_match]
C:\»”Ô\ ‰êFHê\Handy600\app\scp\Lib\Error.scp(151) : 2264
C:\»”Ô\ ‰êFHê\Handy600\app\scp\Lib\Error.scp(153) : 2280
C:\»”Ô\ ‰êFHê\Handy600\app\scp\Lib\Error.scp(155) : 2324
C:\»”Ô\ ‰êFHê\Handy600\app\scp\Lib\Error.scp(156) : 2344
C:\»”Ô\ ‰êFHê\Handy600\app\scp\Lib\Error.scp(157) : 2372
C:\»”Ô\ ‰êFHê\Handy600\app\scp\Lib\Error.scp(159) : 2416
C:\»”Ô\ ‰êFHê\Handy600\app\scp\Lib\Error.scp(160) : 2436
C:\»”Ô\ ‰êFHê\Handy600\app\scp\Lib\Error.scp(161) : 2464
C:\»”Ô\ ‰êFHê\Handy600\app\scp\Lib\Error.scp(163) : 2528
C:\»”Ô\ ‰êFHê\Handy600\app\scp\Lib\Error.scp(164) : 2580
C:\»”Ô\ ‰êFHê\Handy600\app\scp\Lib\Error.scp(166) : 2608
C:\»”Ô\ ‰êFHê\Handy600\app\scp\Lib\Error.scp(169) : 2628
C:\»”Ô\ ‰êFHê\Handy600\app\scp\Lib\Error.scp(172) : 2648
C:\»”Ô\ ‰êFHê\Handy600\app\scp\Lib\Error.scp(173) : 2668
[MatchCode:tag_match]
C:\»”Ô\ ‰êFHê\Handy600\app\scp\Lib\Error.scp(176) : 2688
C:\»”Ô\ ‰êFHê\Handy600\app\scp\Lib\Error.scp(179) : 2704
C:\»”Ô\ ‰êFHê\Handy600\app\scp\Lib\Error.scp(181) : 2748
C:\»”Ô\ ‰êFHê\Handy600\app\scp\Lib\Error.scp(182) : 2768
C:\»”Ô\ ‰êFHê\Handy600\app\scp\Lib\Error.scp(183) : 2796
C:\»”Ô\ ‰êFHê\Handy600\app\scp\Lib\Error.scp(185) : 2840
C:\»”Ô\ ‰êFHê\Handy600\app\scp\Lib\Error.scp(186) : 2860
C:\»”Ô\ ‰êFHê\Handy600\app\scp\Lib\Error.scp(189) : 2880
C:\»”Ô\ ‰êFHê\Handy600\app\scp\Lib\Error.scp(192) : 2984
C:\»”Ô\ ‰êFHê\Handy600\app\scp\Lib\Error.scp(193) : 3004
C:\»”Ô\ ‰êFHê\Handy600\app\scp\Lib\Error.scp(195) : 3024
C:\»”Ô\ ‰êFHê\Handy600\app\scp\Lib\Error.scp(197) : 3108
C:\»”Ô\ ‰êFHê\Handy600\app\scp\Lib\Error.scp(199) : 3128
C:\»”Ô\ ‰êFHê\Handy600\app\scp\Lib\Error.scp(203) : 3148
C:\»”Ô\ ‰êFHê\Handy600\app\scp\Lib\Error.scp(211) : 3492
C:\»”Ô\ ‰êFHê\Handy600\app\scp\Lib\Error.scp(212) : 3512
C:\»”Ô\ ‰êFHê\Handy600\app\scp\Lib\Error.scp(216) : 3532
C:\»”Ô\ ‰êFHê\Handy600\app\scp\Lib\Error.scp(218) : 3552
[MatchCode:user_match]
C:\»”Ô\ ‰êFHê\Handy600\app\scp\Lib\Error.scp(221) : 3572
C:\»”Ô\ ‰êFHê\Handy600\app\scp\Lib\Error.scp(224) : 3588
C:\»”Ô\ ‰êFHê\Handy600\app\scp\Lib\Error.scp(226) : 3632
C:\»”Ô\ ‰êFHê\Handy600\app\scp\Lib\Error.scp(227) : 3652
C:\»”Ô\ ‰êFHê\Handy600\app\scp\Lib\Error.scp(228) : 3680
C:\»”Ô\ ‰êFHê\Handy600\app\scp\Lib\Error.scp(230) : 3724
C:\»”Ô\ ‰êFHê\Handy600\app\scp\Lib\Error.scp(231) : 3744
C:\»”Ô\ ‰êFHê\Handy600\app\scp\Lib\Error.scp(234) : 3764
C:\»”Ô\ ‰êFHê\Handy600\app\scp\Lib\Error.scp(242) : 4108
C:\»”Ô\ ‰êFHê\Handy600\app\scp\Lib\Error.scp(243) : 4128
C:\»”Ô\ ‰êFHê\Handy600\app\scp\Lib\Error.scp(247) : 4148
C:\»”Ô\ ‰êFHê\Handy600\app\scp\Lib\Error.scp(249) : 4168
[Common:Initialize]
C:\»”Ô\ ‰êFHê\Handy600\app\scp\Lib\Common.scp(11) : 4188
C:\»”Ô\ ‰êFHê\Handy600\app\scp\Lib\Common.scp(14) : 4204
C:\»”Ô\ ‰êFHê\Handy600\app\scp\Lib\Common.scp(16) : 4216
[Common:BarcodeRead]
C:\»”Ô\ ‰êFHê\Handy600\app\scp\Lib\Common.scp(18) : 4236
C:\»”Ô\ ‰êFHê\Handy600\app\scp\Lib\Common.scp(21) : 4252
C:\»”Ô\ ‰êFHê\Handy600\app\scp\Lib\Common.scp(24) : 4272
C:\»”Ô\ ‰êFHê\Handy600\app\scp\Lib\Common.scp(25) : 4320
C:\»”Ô\ ‰êFHê\Handy600\app\scp\Lib\Common.scp(29) : 4444
C:\»”Ô\ ‰êFHê\Handy600\app\scp\Lib\Common.scp(30) : 4456
C:\»”Ô\ ‰êFHê\Handy600\app\scp\Lib\Common.scp(32) : 4468
C:\»”Ô\ ‰êFHê\Handy600\app\scp\Lib\Common.scp(33) : 4480
C:\»”Ô\ ‰êFHê\Handy600\app\scp\Lib\Common.scp(34) : 4492
C:\»”Ô\ ‰êFHê\Handy600\app\scp\Lib\Common.scp(35) : 4504
C:\»”Ô\ ‰êFHê\Handy600\app\scp\Lib\Common.scp(36) : 4516
C:\»”Ô\ ‰êFHê\Handy600\app\scp\Lib\Common.scp(37) : 4528
C:\»”Ô\ ‰êFHê\Handy600\app\scp\Lib\Common.scp(39) : 4540
[Common:read_NG]
C:\»”Ô\ ‰êFHê\Handy600\app\scp\Lib\Common.scp(43) : 4560
C:\»”Ô\ ‰êFHê\Handy600\app\scp\Lib\Common.scp(47) : 4576
C:\»”Ô\ ‰êFHê\Handy600\app\scp\Lib\Common.scp(51) : 4688
C:\»”Ô\ ‰êFHê\Handy600\app\scp\Lib\Common.scp(55) : 4776
C:\»”Ô\ ‰êFHê\Handy600\app\scp\Lib\Common.scp(58) : 4848
C:\»”Ô\ ‰êFHê\Handy600\app\scp\Lib\Common.scp(59) : 4856
C:\»”Ô\ ‰êFHê\Handy600\app\scp\Lib\Common.scp(60) : 4864
C:\»”Ô\ ‰êFHê\Handy600\app\scp\Lib\Common.scp(61) : 4872
[Common:read_OK]
C:\»”Ô\ ‰êFHê\Handy600\app\scp\Lib\Common.scp(66) : 4892
C:\»”Ô\ ‰êFHê\Handy600\app\scp\Lib\Common.scp(70) : 4908
C:\»”Ô\ ‰êFHê\Handy600\app\scp\Lib\Common.scp(74) : 5020
C:\»”Ô\ ‰êFHê\Handy600\app\scp\Lib\Common.scp(77) : 5108
C:\»”Ô\ ‰êFHê\Handy600\app\scp\Lib\Common.scp(78) : 5116
C:\»”Ô\ ‰êFHê\Handy600\app\scp\Lib\Common.scp(80) : 5124
[Common:data_count]
C:\»”Ô\ ‰êFHê\Handy600\app\scp\Lib\Common.scp(83) : 5144
C:\»”Ô\ ‰êFHê\Handy600\app\scp\Lib\Common.scp(85) : 5160
C:\»”Ô\ ‰êFHê\Handy600\app\scp\Lib\Common.scp(86) : 5200
C:\»”Ô\ ‰êFHê\Handy600\app\scp\Lib\Common.scp(88) : 5264
C:\»”Ô\ ‰êFHê\Handy600\app\scp\Lib\Common.scp(90) : 5312
C:\»”Ô\ ‰êFHê\Handy600\app\scp\Lib\Common.scp(93) : 5360
C:\»”Ô\ ‰êFHê\Handy600\app\scp\Lib\Common.scp(95) : 5388
[Common:get_last_data]
C:\»”Ô\ ‰êFHê\Handy600\app\scp\Lib\Common.scp(98) : 5408
C:\»”Ô\ ‰êFHê\Handy600\app\scp\Lib\Common.scp(99) : 5424
C:\»”Ô\ ‰êFHê\Handy600\app\scp\Lib\Common.scp(101) : 5440
C:\»”Ô\ ‰êFHê\Handy600\app\scp\Lib\Common.scp(102) : 5480
C:\»”Ô\ ‰êFHê\Handy600\app\scp\Lib\Common.scp(103) : 5488
C:\»”Ô\ ‰êFHê\Handy600\app\scp\Lib\Common.scp(104) : 5504
C:\»”Ô\ ‰êFHê\Handy600\app\scp\Lib\Common.scp(105) : 5556
C:\»”Ô\ ‰êFHê\Handy600\app\scp\Lib\Common.scp(107) : 5600
C:\»”Ô\ ‰êFHê\Handy600\app\scp\Lib\Common.scp(109) : 5624
[Common:str_pad]
C:\»”Ô\ ‰êFHê\Handy600\app\scp\Lib\Common.scp(112) : 5644
C:\»”Ô\ ‰êFHê\Handy600\app\scp\Lib\Common.scp(113) : 5660
C:\»”Ô\ ‰êFHê\Handy600\app\scp\Lib\Common.scp(115) : 5676
C:\»”Ô\ ‰êFHê\Handy600\app\scp\Lib\Common.scp(116) : 5716
C:\»”Ô\ ‰êFHê\Handy600\app\scp\Lib\Common.scp(118) : 5748
C:\»”Ô\ ‰êFHê\Handy600\app\scp\Lib\Common.scp(120) : 5828
[Common:delete_user_file]
C:\»”Ô\ ‰êFHê\Handy600\app\scp\Lib\Common.scp(123) : 5848
C:\»”Ô\ ‰êFHê\Handy600\app\scp\Lib\Common.scp(124) : 5864
C:\»”Ô\ ‰êFHê\Handy600\app\scp\Lib\Common.scp(131) : 5876
C:\»”Ô\ ‰êFHê\Handy600\app\scp\Lib\Common.scp(132) : 5936
C:\»”Ô\ ‰êFHê\Handy600\app\scp\Lib\Common.scp(133) : 5944
C:\»”Ô\ ‰êFHê\Handy600\app\scp\Lib\Common.scp(135) : 5960
C:\»”Ô\ ‰êFHê\Handy600\app\scp\Lib\Common.scp(136) : 5988
C:\»”Ô\ ‰êFHê\Handy600\app\scp\Lib\Common.scp(137) : 6016
C:\»”Ô\ ‰êFHê\Handy600\app\scp\Lib\Common.scp(138) : 6032
C:\»”Ô\ ‰êFHê\Handy600\app\scp\Lib\Common.scp(141) : 6176
C:\»”Ô\ ‰êFHê\Handy600\app\scp\Lib\Common.scp(142) : 6196
C:\»”Ô\ ‰êFHê\Handy600\app\scp\Lib\Common.scp(145) : 6204
C:\»”Ô\ ‰êFHê\Handy600\app\scp\Lib\Common.scp(147) : 6224
C:\»”Ô\ ‰êFHê\Handy600\app\scp\Lib\Common.scp(148) : 6236
C:\»”Ô\ ‰êFHê\Handy600\app\scp\Lib\Common.scp(149) : 6256
C:\»”Ô\ ‰êFHê\Handy600\app\scp\Lib\Common.scp(150) : 6288
C:\»”Ô\ ‰êFHê\Handy600\app\scp\Lib\Common.scp(151) : 6324
C:\»”Ô\ ‰êFHê\Handy600\app\scp\Lib\Common.scp(152) : 6376
C:\»”Ô\ ‰êFHê\Handy600\app\scp\Lib\Common.scp(153) : 6428
C:\»”Ô\ ‰êFHê\Handy600\app\scp\Lib\Common.scp(154) : 6460
C:\»”Ô\ ‰êFHê\Handy600\app\scp\Lib\Common.scp(155) : 6492
C:\»”Ô\ ‰êFHê\Handy600\app\scp\Lib\Common.scp(156) : 6540
C:\»”Ô\ ‰êFHê\Handy600\app\scp\Lib\Common.scp(157) : 6552
C:\»”Ô\ ‰êFHê\Handy600\app\scp\Lib\Common.scp(160) : 6560
C:\»”Ô\ ‰êFHê\Handy600\app\scp\Lib\Common.scp(161) : 6568
C:\»”Ô\ ‰êFHê\Handy600\app\scp\Lib\Common.scp(162) : 6596
C:\»”Ô\ ‰êFHê\Handy600\app\scp\Lib\Common.scp(163) : 6612
C:\»”Ô\ ‰êFHê\Handy600\app\scp\Lib\Common.scp(165) : 6648
C:\»”Ô\ ‰êFHê\Handy600\app\scp\Lib\Common.scp(168) : 6668
C:\»”Ô\ ‰êFHê\Handy600\app\scp\Lib\Common.scp(169) : 6676
C:\»”Ô\ ‰êFHê\Handy600\app\scp\Lib\Common.scp(171) : 6684
[InputLoop:input_loop]
C:\»”Ô\ ‰êFHê\Handy600\app\scp\Lib\Common.scp(182) : 6704
C:\»”Ô\ ‰êFHê\Handy600\app\scp\Lib\Common.scp(186) : 6720
C:\»”Ô\ ‰êFHê\Handy600\app\scp\Lib\Common.scp(187) : 6728
C:\»”Ô\ ‰êFHê\Handy600\app\scp\Lib\Common.scp(188) : 6756
C:\»”Ô\ ‰êFHê\Handy600\app\scp\Lib\Common.scp(189) : 6788
C:\»”Ô\ ‰êFHê\Handy600\app\scp\Lib\Common.scp(190) : 6816
C:\»”Ô\ ‰êFHê\Handy600\app\scp\Lib\Common.scp(193) : 6856
C:\»”Ô\ ‰êFHê\Handy600\app\scp\Lib\Common.scp(194) : 6888
C:\»”Ô\ ‰êFHê\Handy600\app\scp\Lib\Common.scp(195) : 6896
C:\»”Ô\ ‰êFHê\Handy600\app\scp\Lib\Common.scp(196) : 6924
C:\»”Ô\ ‰êFHê\Handy600\app\scp\Lib\Common.scp(197) : 6956
C:\»”Ô\ ‰êFHê\Handy600\app\scp\Lib\Common.scp(198) : 6984
C:\»”Ô\ ‰êFHê\Handy600\app\scp\Lib\Common.scp(199) : 7004
C:\»”Ô\ ‰êFHê\Handy600\app\scp\Lib\Common.scp(200) : 7012
C:\»”Ô\ ‰êFHê\Handy600\app\scp\Lib\Common.scp(201) : 7044
C:\»”Ô\ ‰êFHê\Handy600\app\scp\Lib\Common.scp(202) : 7072
C:\»”Ô\ ‰êFHê\Handy600\app\scp\Lib\Common.scp(203) : 7092
C:\»”Ô\ ‰êFHê\Handy600\app\scp\Lib\Common.scp(204) : 7100
C:\»”Ô\ ‰êFHê\Handy600\app\scp\Lib\Common.scp(205) : 7132
C:\»”Ô\ ‰êFHê\Handy600\app\scp\Lib\Common.scp(206) : 7160
C:\»”Ô\ ‰êFHê\Handy600\app\scp\Lib\Common.scp(207) : 7192
C:\»”Ô\ ‰êFHê\Handy600\app\scp\Lib\Common.scp(208) : 7220
C:\»”Ô\ ‰êFHê\Handy600\app\scp\Lib\Common.scp(210) : 7260
C:\»”Ô\ ‰êFHê\Handy600\app\scp\Lib\Common.scp(212) : 7292
C:\»”Ô\ ‰êFHê\Handy600\app\scp\Lib\Common.scp(213) : 7300
C:\»”Ô\ ‰êFHê\Handy600\app\scp\Lib\Common.scp(214) : 7328
C:\»”Ô\ ‰êFHê\Handy600\app\scp\Lib\Common.scp(215) : 7360
C:\»”Ô\ ‰êFHê\Handy600\app\scp\Lib\Common.scp(216) : 7388
C:\»”Ô\ ‰êFHê\Handy600\app\scp\Lib\Common.scp(217) : 7408
C:\»”Ô\ ‰êFHê\Handy600\app\scp\Lib\Common.scp(218) : 7416
C:\»”Ô\ ‰êFHê\Handy600\app\scp\Lib\Common.scp(219) : 7448
C:\»”Ô\ ‰êFHê\Handy600\app\scp\Lib\Common.scp(220) : 7476
C:\»”Ô\ ‰êFHê\Handy600\app\scp\Lib\Common.scp(221) : 7496
C:\»”Ô\ ‰êFHê\Handy600\app\scp\Lib\Common.scp(222) : 7504
C:\»”Ô\ ‰êFHê\Handy600\app\scp\Lib\Common.scp(223) : 7536
C:\»”Ô\ ‰êFHê\Handy600\app\scp\Lib\Common.scp(224) : 7564
C:\»”Ô\ ‰êFHê\Handy600\app\scp\Lib\Common.scp(225) : 7596
C:\»”Ô\ ‰êFHê\Handy600\app\scp\Lib\Common.scp(226) : 7624
C:\»”Ô\ ‰êFHê\Handy600\app\scp\Lib\Common.scp(228) : 7664
C:\»”Ô\ ‰êFHê\Handy600\app\scp\Lib\Common.scp(231) : 7688
[LogWrite:log_write_location]
C:\»”Ô\ ‰êFHê\Handy600\app\scp\Lib\LogWrite.scp(15) : 7708
C:\»”Ô\ ‰êFHê\Handy600\app\scp\Lib\LogWrite.scp(16) : 7724
C:\»”Ô\ ‰êFHê\Handy600\app\scp\Lib\LogWrite.scp(18) : 7740
C:\»”Ô\ ‰êFHê\Handy600\app\scp\Lib\LogWrite.scp(19) : 7972
C:\»”Ô\ ‰êFHê\Handy600\app\scp\Lib\LogWrite.scp(20) : 8016
[LogWrite:log_write_kanryo]
C:\»”Ô\ ‰êFHê\Handy600\app\scp\Lib\LogWrite.scp(22) : 8036
C:\»”Ô\ ‰êFHê\Handy600\app\scp\Lib\LogWrite.scp(23) : 8052
C:\»”Ô\ ‰êFHê\Handy600\app\scp\Lib\LogWrite.scp(25) : 8068
C:\»”Ô\ ‰êFHê\Handy600\app\scp\Lib\LogWrite.scp(26) : 8244
C:\»”Ô\ ‰êFHê\Handy600\app\scp\Lib\LogWrite.scp(27) : 8288
[LogWrite:log_write]
C:\»”Ô\ ‰êFHê\Handy600\app\scp\Lib\LogWrite.scp(29) : 8308
C:\»”Ô\ ‰êFHê\Handy600\app\scp\Lib\LogWrite.scp(30) : 8324
C:\»”Ô\ ‰êFHê\Handy600\app\scp\Lib\LogWrite.scp(31) : 8344
C:\»”Ô\ ‰êFHê\Handy600\app\scp\Lib\LogWrite.scp(35) : 8368
C:\»”Ô\ ‰êFHê\Handy600\app\scp\Lib\LogWrite.scp(37) : 8376
C:\»”Ô\ ‰êFHê\Handy600\app\scp\Lib\LogWrite.scp(38) : 8408
C:\»”Ô\ ‰êFHê\Handy600\app\scp\Lib\LogWrite.scp(40) : 8448
C:\»”Ô\ ‰êFHê\Handy600\app\scp\Lib\LogWrite.scp(53) : 8464
C:\»”Ô\ ‰êFHê\Handy600\app\scp\Lib\LogWrite.scp(54) : 8480
C:\»”Ô\ ‰êFHê\Handy600\app\scp\Lib\LogWrite.scp(57) : 8512
C:\»”Ô\ ‰êFHê\Handy600\app\scp\Lib\LogWrite.scp(60) : 8536
C:\»”Ô\ ‰êFHê\Handy600\app\scp\Lib\LogWrite.scp(61) : 8564
[main]
C:\»”Ô\ ‰êFHê\Handy600\app\scp\Location.scp(12) : 8584
C:\»”Ô\ ‰êFHê\Handy600\app\scp\Location.scp(15) : 8600
C:\»”Ô\ ‰êFHê\Handy600\app\scp\Location.scp(18) : 8628
C:\»”Ô\ ‰êFHê\Handy600\app\scp\Location.scp(19) : 8640
C:\»”Ô\ ‰êFHê\Handy600\app\scp\Location.scp(20) : 8696
[JOB:job_main]
C:\»”Ô\ ‰êFHê\Handy600\app\scp\Location.scp(23) : 8716
C:\»”Ô\ ‰êFHê\Handy600\app\scp\Location.scp(28) : 8732
C:\»”Ô\ ‰êFHê\Handy600\app\scp\Location.scp(31) : 8748
C:\»”Ô\ ‰êFHê\Handy600\app\scp\Location.scp(32) : 8768
C:\»”Ô\ ‰êFHê\Handy600\app\scp\Location.scp(33) : 8776
C:\»”Ô\ ‰êFHê\Handy600\app\scp\Location.scp(34) : 8784
C:\»”Ô\ ‰êFHê\Handy600\app\scp\Location.scp(35) : 8812
C:\»”Ô\ ‰êFHê\Handy600\app\scp\Location.scp(36) : 8840
C:\»”Ô\ ‰êFHê\Handy600\app\scp\Location.scp(37) : 8868
C:\»”Ô\ ‰êFHê\Handy600\app\scp\Location.scp(41) : 8904
C:\»”Ô\ ‰êFHê\Handy600\app\scp\Location.scp(42) : 8936
C:\»”Ô\ ‰êFHê\Handy600\app\scp\Location.scp(43) : 8952
C:\»”Ô\ ‰êFHê\Handy600\app\scp\Location.scp(44) : 8984
C:\»”Ô\ ‰êFHê\Handy600\app\scp\Location.scp(45) : 9008
C:\»”Ô\ ‰êFHê\Handy600\app\scp\Location.scp(46) : 9040
C:\»”Ô\ ‰êFHê\Handy600\app\scp\Location.scp(48) : 9064
C:\»”Ô\ ‰êFHê\Handy600\app\scp\Location.scp(50) : 9080
C:\»”Ô\ ‰êFHê\Handy600\app\scp\Location.scp(52) : 9088
C:\»”Ô\ ‰êFHê\Handy600\app\scp\Location.scp(53) : 9104
C:\»”Ô\ ‰êFHê\Handy600\app\scp\Location.scp(54) : 9164
C:\»”Ô\ ‰êFHê\Handy600\app\scp\Location.scp(56) : 9192
[JOB:LogWrite]
C:\»”Ô\ ‰êFHê\Handy600\app\scp\Location.scp(59) : 9212
C:\»”Ô\ ‰êFHê\Handy600\app\scp\Location.scp(62) : 9228
C:\»”Ô\ ‰êFHê\Handy600\app\scp\Location.scp(63) : 9268
C:\»”Ô\ ‰êFHê\Handy600\app\scp\Location.scp(64) : 9276
C:\»”Ô\ ‰êFHê\Handy600\app\scp\Location.scp(67) : 9296
C:\»”Ô\ ‰êFHê\Handy600\app\scp\Location.scp(68) : 9348
C:\»”Ô\ ‰êFHê\Handy600\app\scp\Location.scp(69) : 9384
C:\»”Ô\ ‰êFHê\Handy600\app\scp\Location.scp(71) : 9400
C:\»”Ô\ ‰êFHê\Handy600\app\scp\Location.scp(74) : 9408
[SAGYOU1:sagyou_main]
C:\»”Ô\ ‰êFHê\Handy600\app\scp\Location.scp(83) : 9428
C:\»”Ô\ ‰êFHê\Handy600\app\scp\Location.scp(87) : 9444
C:\»”Ô\ ‰êFHê\Handy600\app\scp\Location.scp(90) : 9460
C:\»”Ô\ ‰êFHê\Handy600\app\scp\Location.scp(91) : 9468
C:\»”Ô\ ‰êFHê\Handy600\app\scp\Location.scp(92) : 9488
C:\»”Ô\ ‰êFHê\Handy600\app\scp\Location.scp(93) : 9508
C:\»”Ô\ ‰êFHê\Handy600\app\scp\Location.scp(94) : 9540
C:\»”Ô\ ‰êFHê\Handy600\app\scp\Location.scp(95) : 9580
C:\»”Ô\ ‰êFHê\Handy600\app\scp\Location.scp(96) : 9588
C:\»”Ô\ ‰êFHê\Handy600\app\scp\Location.scp(99) : 9612
C:\»”Ô\ ‰êFHê\Handy600\app\scp\Location.scp(100) : 9620
C:\»”Ô\ ‰êFHê\Handy600\app\scp\Location.scp(101) : 9628
C:\»”Ô\ ‰êFHê\Handy600\app\scp\Location.scp(102) : 9644
C:\»”Ô\ ‰êFHê\Handy600\app\scp\Location.scp(103) : 9676
C:\»”Ô\ ‰êFHê\Handy600\app\scp\Location.scp(105) : 9708
C:\»”Ô\ ‰êFHê\Handy600\app\scp\Location.scp(107) : 9732
C:\»”Ô\ ‰êFHê\Handy600\app\scp\Location.scp(109) : 9740
C:\»”Ô\ ‰êFHê\Handy600\app\scp\Location.scp(111) : 9764
[SAGYOU1:wait_input]
C:\»”Ô\ ‰êFHê\Handy600\app\scp\Location.scp(116) : 9784
C:\»”Ô\ ‰êFHê\Handy600\app\scp\Location.scp(120) : 9800
C:\»”Ô\ ‰êFHê\Handy600\app\scp\Location.scp(123) : 9808
C:\»”Ô\ ‰êFHê\Handy600\app\scp\Location.scp(124) : 9900
C:\»”Ô\ ‰êFHê\Handy600\app\scp\Location.scp(125) : 9916
C:\»”Ô\ ‰êFHê\Handy600\app\scp\Location.scp(126) : 9936
C:\»”Ô\ ‰êFHê\Handy600\app\scp\Location.scp(127) : 9956
C:\»”Ô\ ‰êFHê\Handy600\app\scp\Location.scp(128) : 9976
C:\»”Ô\ ‰êFHê\Handy600\app\scp\Location.scp(129) : 9988
C:\»”Ô\ ‰êFHê\Handy600\app\scp\Location.scp(130) : 10008
C:\»”Ô\ ‰êFHê\Handy600\app\scp\Location.scp(131) : 10028
C:\»”Ô\ ‰êFHê\Handy600\app\scp\Location.scp(133) : 10044
C:\»”Ô\ ‰êFHê\Handy600\app\scp\Location.scp(134) : 10064
C:\»”Ô\ ‰êFHê\Handy600\app\scp\Location.scp(139) : 10080
C:\»”Ô\ ‰êFHê\Handy600\app\scp\Location.scp(141) : 10116
C:\»”Ô\ ‰êFHê\Handy600\app\scp\Location.scp(142) : 10140
[SAGYOU1:disp_normal]
C:\»”Ô\ ‰êFHê\Handy600\app\scp\Location.scp(146) : 10160
C:\»”Ô\ ‰êFHê\Handy600\app\scp\Location.scp(149) : 10176
C:\»”Ô\ ‰êFHê\Handy600\app\scp\Location.scp(150) : 10188
C:\»”Ô\ ‰êFHê\Handy600\app\scp\Location.scp(151) : 10196
C:\»”Ô\ ‰êFHê\Handy600\app\scp\Location.scp(152) : 10244
C:\»”Ô\ ‰êFHê\Handy600\app\scp\Location.scp(153) : 10352
C:\»”Ô\ ‰êFHê\Handy600\app\scp\Location.scp(154) : 10400
C:\»”Ô\ ‰êFHê\Handy600\app\scp\Location.scp(155) : 10508
C:\»”Ô\ ‰êFHê\Handy600\app\scp\Location.scp(156) : 10616
C:\»”Ô\ ‰êFHê\Handy600\app\scp\Location.scp(158) : 10724
C:\»”Ô\ ‰êFHê\Handy600\app\scp\Location.scp(160) : 10736
C:\»”Ô\ ‰êFHê\Handy600\app\scp\Location.scp(161) : 10744
[SAGYOU2:sagyou_main]
C:\»”Ô\ ‰êFHê\Handy600\app\scp\Location.scp(170) : 10764
C:\»”Ô\ ‰êFHê\Handy600\app\scp\Location.scp(176) : 10780
C:\»”Ô\ ‰êFHê\Handy600\app\scp\Location.scp(178) : 10788
C:\»”Ô\ ‰êFHê\Handy600\app\scp\Location.scp(179) : 10808
C:\»”Ô\ ‰êFHê\Handy600\app\scp\Location.scp(180) : 10828
C:\»”Ô\ ‰êFHê\Handy600\app\scp\Location.scp(181) : 10860
C:\»”Ô\ ‰êFHê\Handy600\app\scp\Location.scp(182) : 10876
C:\»”Ô\ ‰êFHê\Handy600\app\scp\Location.scp(183) : 10892
C:\»”Ô\ ‰êFHê\Handy600\app\scp\Location.scp(184) : 10924
C:\»”Ô\ ‰êFHê\Handy600\app\scp\Location.scp(186) : 10956
C:\»”Ô\ ‰êFHê\Handy600\app\scp\Location.scp(187) : 10964
C:\»”Ô\ ‰êFHê\Handy600\app\scp\Location.scp(189) : 10988
C:\»”Ô\ ‰êFHê\Handy600\app\scp\Location.scp(191) : 10996
C:\»”Ô\ ‰êFHê\Handy600\app\scp\Location.scp(193) : 11020
[SAGYOU2:wait_input]
C:\»”Ô\ ‰êFHê\Handy600\app\scp\Location.scp(198) : 11040
C:\»”Ô\ ‰êFHê\Handy600\app\scp\Location.scp(203) : 11056
C:\»”Ô\ ‰êFHê\Handy600\app\scp\Location.scp(206) : 11064
C:\»”Ô\ ‰êFHê\Handy600\app\scp\Location.scp(207) : 11156
C:\»”Ô\ ‰êFHê\Handy600\app\scp\Location.scp(208) : 11172
C:\»”Ô\ ‰êFHê\Handy600\app\scp\Location.scp(209) : 11192
C:\»”Ô\ ‰êFHê\Handy600\app\scp\Location.scp(210) : 11212
C:\»”Ô\ ‰êFHê\Handy600\app\scp\Location.scp(211) : 11232
C:\»”Ô\ ‰êFHê\Handy600\app\scp\Location.scp(212) : 11244
C:\»”Ô\ ‰êFHê\Handy600\app\scp\Location.scp(213) : 11264
C:\»”Ô\ ‰êFHê\Handy600\app\scp\Location.scp(214) : 11284
C:\»”Ô\ ‰êFHê\Handy600\app\scp\Location.scp(216) : 11300
C:\»”Ô\ ‰êFHê\Handy600\app\scp\Location.scp(217) : 11320
C:\»”Ô\ ‰êFHê\Handy600\app\scp\Location.scp(222) : 11336
C:\»”Ô\ ‰êFHê\Handy600\app\scp\Location.scp(224) : 11372
C:\»”Ô\ ‰êFHê\Handy600\app\scp\Location.scp(225) : 11396
[SAGYOU2:disp_normal]
C:\»”Ô\ ‰êFHê\Handy600\app\scp\Location.scp(229) : 11416
C:\»”Ô\ ‰êFHê\Handy600\app\scp\Location.scp(232) : 11432
C:\»”Ô\ ‰êFHê\Handy600\app\scp\Location.scp(233) : 11444
C:\»”Ô\ ‰êFHê\Handy600\app\scp\Location.scp(234) : 11452
C:\»”Ô\ ‰êFHê\Handy600\app\scp\Location.scp(235) : 11500
C:\»”Ô\ ‰êFHê\Handy600\app\scp\Location.scp(236) : 11608
C:\»”Ô\ ‰êFHê\Handy600\app\scp\Location.scp(237) : 11656
C:\»”Ô\ ‰êFHê\Handy600\app\scp\Location.scp(238) : 11764
C:\»”Ô\ ‰êFHê\Handy600\app\scp\Location.scp(239) : 11872
C:\»”Ô\ ‰êFHê\Handy600\app\scp\Location.scp(240) : 11980
C:\»”Ô\ ‰êFHê\Handy600\app\scp\Location.scp(241) : 12088
C:\»”Ô\ ‰êFHê\Handy600\app\scp\Location.scp(242) : 12208
C:\»”Ô\ ‰êFHê\Handy600\app\scp\Location.scp(243) : 12316
C:\»”Ô\ ‰êFHê\Handy600\app\scp\Location.scp(244) : 12424
C:\»”Ô\ ‰êFHê\Handy600\app\scp\Location.scp(245) : 12532
C:\»”Ô\ ‰êFHê\Handy600\app\scp\Location.scp(246) : 12652
C:\»”Ô\ ‰êFHê\Handy600\app\scp\Location.scp(247) : 12760
C:\»”Ô\ ‰êFHê\Handy600\app\scp\Location.scp(249) : 12772
C:\»”Ô\ ‰êFHê\Handy600\app\scp\Location.scp(250) : 12780
